// Jest Snapshot v1, https://goo.gl/fbAQLP

exports[`ComparisonCard should match snapshot 1`] = `undefined`;
